
  .   ____          _            __ _ _
 /\\ / ___'_ __ _ _(_)_ __  __ _ \ \ \ \
( ( )\___ | '_ | '_| | '_ \/ _` | \ \ \ \
 \\/  ___)| |_)| | | | | || (_| |  ) ) ) )
  '  |____| .__|_| |_|_| |_\__, | / / / /
 =========|_|==============|___/=/_/_/_/

 :: Spring Boot ::               (v3.5.16)

2026-09-02T11:21:24.281+09:00  INFO 34482 --- [actuator-simulator] [           main] c.i.a.ActuatorSimulatorApplication       : Starting ActuatorSimulatorApplication using Java 21.0.9 with PID 34482 (/Users/pkkim/Desktop/IDEA/프로젝트/actuator-simulator/target/classes started by pkkim in /Users/pkkim/Desktop/IDEA/프로젝트/actuator-simulator)
2026-09-02T11:21:24.283+09:00 DEBUG 34482 --- [actuator-simulator] [           main] c.i.a.ActuatorSimulatorApplication       : Running with Spring Boot v3.5.16, Spring v6.2.19
2026-09-02T11:21:24.284+09:00  INFO 34482 --- [actuator-simulator] [           main] c.i.a.ActuatorSimulatorApplication       : No active profile set, falling back to 1 default profile: "default"
2026-09-02T11:21:25.508+09:00  INFO 34482 --- [actuator-simulator] [           main] o.s.b.w.embedded.tomcat.TomcatWebServer  : Tomcat initialized with port 8090 (http)
2026-09-02T11:21:25.536+09:00  INFO 34482 --- [actuator-simulator] [           main] o.apache.catalina.core.StandardService   : Starting service [Tomcat]
2026-09-02T11:21:25.536+09:00  INFO 34482 --- [actuator-simulator] [           main] o.apache.catalina.core.StandardEngine    : Starting Servlet engine: [Apache Tomcat/10.1.55]
2026-09-02T11:21:25.756+09:00  INFO 34482 --- [actuator-simulator] [           main] o.a.c.c.C.[Tomcat].[localhost].[/]       : Initializing Spring embedded WebApplicationContext
2026-09-02T11:21:25.762+09:00  INFO 34482 --- [actuator-simulator] [           main] w.s.c.ServletWebServerApplicationContext : Root WebApplicationContext: initialization completed in 1422 ms
2026-09-02T11:21:26.760+09:00  INFO 34482 --- [actuator-simulator] [           main] o.s.b.a.w.s.WelcomePageHandlerMapping    : Adding welcome page: class path resource [static/index.html]
2026-09-02T11:21:27.277+09:00  INFO 34482 --- [actuator-simulator] [           main] o.s.b.w.embedded.tomcat.TomcatWebServer  : Tomcat started on port 8090 (http) with context path '/'
2026-09-02T11:21:27.290+09:00  INFO 34482 --- [actuator-simulator] [           main] c.i.a.ActuatorSimulatorApplication       : Started ActuatorSimulatorApplication in 3.639 seconds (process running for 4.145)
2026-09-02T11:21:28.250+09:00  INFO 34482 --- [actuator-simulator] [nio-8090-exec-1] o.a.c.c.C.[Tomcat].[localhost].[/]       : Initializing Spring DispatcherServlet 'dispatcherServlet'
2026-09-02T11:21:28.250+09:00  INFO 34482 --- [actuator-simulator] [nio-8090-exec-1] o.s.web.servlet.DispatcherServlet        : Initializing Servlet 'dispatcherServlet'
2026-09-02T11:21:28.251+09:00  INFO 34482 --- [actuator-simulator] [nio-8090-exec-1] o.s.web.servlet.DispatcherServlet        : Completed initialization in 1 ms
2026-09-02T11:21:54.126+09:00  INFO 34482 --- [actuator-simulator] [nio-8090-exec-9] c.i.a.smartthings.SmartThingsController  : [SMART_THINGS] st-aircon-001 ← {"commands":[{"component":"main","capability":"switch","command":"on","arguments":[]},{"component":"main","capability":"airConditionerMode","command":"setAirConditionerMode","arguments":["auto"]},{"component":"main","capability":"thermostatCoolingSetpoint","command":"setCoolingSetpoint","arguments":[25]}]}
2026-09-02T11:21:54.129+09:00 DEBUG 34482 --- [actuator-simulator] [nio-8090-exec-9] c.i.a.smartthings.SmartThingsController  : [SMART_THINGS] st-aircon-001 해석 → {power=ON, mode=AUTO, temperature=25}
2026-09-02T11:21:54.362+09:00  INFO 34482 --- [actuator-simulator] [io-8090-exec-10] c.i.a.lg.LgThinQController               : [LG_THINQ] lg-aircon-001 ← {"operation":{"airConOperationMode":"POWER_ON"},"airConJobMode":{"currentJobMode":"AIR_DRY"},"temperature":{"targetTemperature":24}}
2026-09-02T11:21:54.363+09:00 DEBUG 34482 --- [actuator-simulator] [io-8090-exec-10] c.i.a.lg.LgThinQController               : [LG_THINQ] lg-aircon-001 해석 → {power=ON, mode=DRY, temperature=24}
2026-09-02T11:55:26.888+09:00  INFO 34482 --- [actuator-simulator] [nio-8090-exec-6] c.i.a.smartthings.SmartThingsController  : [SMART_THINGS] st-aircon-001 ← {"commands":[{"component":"main","capability":"switch","command":"off","arguments":[]},{"component":"main","capability":"airConditionerMode","command":"setAirConditionerMode","arguments":["auto"]},{"component":"main","capability":"thermostatCoolingSetpoint","command":"setCoolingSetpoint","arguments":[26]}]}
2026-09-02T11:55:26.898+09:00 DEBUG 34482 --- [actuator-simulator] [nio-8090-exec-6] c.i.a.smartthings.SmartThingsController  : [SMART_THINGS] st-aircon-001 해석 → {power=OFF, mode=AUTO, temperature=26}
2026-09-02T11:55:27.495+09:00  INFO 34482 --- [actuator-simulator] [nio-8090-exec-5] c.i.a.smartthings.SmartThingsController  : [SMART_THINGS] st-aircon-001 ← {"commands":[{"component":"main","capability":"switch","command":"on","arguments":[]},{"component":"main","capability":"airConditionerMode","command":"setAirConditionerMode","arguments":["cool"]},{"component":"main","capability":"thermostatCoolingSetpoint","command":"setCoolingSetpoint","arguments":[26]}]}
2026-09-02T11:55:27.495+09:00 DEBUG 34482 --- [actuator-simulator] [nio-8090-exec-5] c.i.a.smartthings.SmartThingsController  : [SMART_THINGS] st-aircon-001 해석 → {power=ON, mode=COOL, temperature=26}
2026-09-02T11:55:28.345+09:00  INFO 34482 --- [actuator-simulator] [nio-8090-exec-8] c.i.a.smartthings.SmartThingsController  : [SMART_THINGS] st-aircon-001 ← {"commands":[{"component":"main","capability":"switch","command":"off","arguments":[]},{"component":"main","capability":"airConditionerMode","command":"setAirConditionerMode","arguments":["cool"]},{"component":"main","capability":"thermostatCoolingSetpoint","command":"setCoolingSetpoint","arguments":[26]}]}
2026-09-02T11:55:28.345+09:00 DEBUG 34482 --- [actuator-simulator] [nio-8090-exec-8] c.i.a.smartthings.SmartThingsController  : [SMART_THINGS] st-aircon-001 해석 → {power=OFF, mode=COOL, temperature=26}
2026-09-02T15:21:29.130+09:00  INFO 34482 --- [actuator-simulator] [nio-8090-exec-4] c.i.a.lg.LgThinQController               : [LG_THINQ] lg-aircon-001 ← {"operation":{"airConOperationMode":"POWER_ON"},"airConJobMode":{"currentJobMode":"FAN"},"temperature":{"targetTemperature":24}}
2026-09-02T15:21:29.132+09:00 DEBUG 34482 --- [actuator-simulator] [nio-8090-exec-4] c.i.a.lg.LgThinQController               : [LG_THINQ] lg-aircon-001 해석 → {power=ON, mode=FAN, temperature=24}
2026-09-02T15:30:01.956+09:00  INFO 34482 --- [actuator-simulator] [ionShutdownHook] o.s.b.w.e.tomcat.GracefulShutdown        : Commencing graceful shutdown. Waiting for active requests to complete
2026-09-02T15:30:02.008+09:00  INFO 34482 --- [actuator-simulator] [tomcat-shutdown] o.s.b.w.e.tomcat.GracefulShutdown        : Graceful shutdown complete
[ERROR] Failed to execute goal org.springframework.boot:spring-boot-maven-plugin:3.5.16:run (default-cli) on project actuator-simulator: Process terminated with exit code: 143 -> [Help 1]
[ERROR] 
[ERROR] To see the full stack trace of the errors, re-run Maven with the -e switch.
[ERROR] Re-run Maven using the -X switch to enable full debug logging.
[ERROR] 
[ERROR] For more information about the errors and possible solutions, please read the following articles:
[ERROR] [Help 1] http://cwiki.apache.org/confluence/display/MAVEN/MojoExecutionException
